#EXTM3U
#EXT-X-VERSION:3
#EXT-X-TARGETDURATION:19
#EXT-X-MEDIA-SEQUENCE:0
#EXT-X-DISCONTINUITY-SEQUENCE:3
#EXTINF:10,
001.ts
#EXTINF:19,
002.ts
#EXT-X-DISCONTINUITY
#EXTINF:10,
003.ts
#EXTINF:11,
004.ts
#EXT-X-ENDLIST
