#EXTM3U
#EXT-X-VERSION:3
#EXT-X-TARGETDURATION:19
#EXT-X-MEDIA-SEQUENCE:0
#EXTINF:10,
001.ts
#EXTINF:19,
002.ts
#EXT-X-DISCONTINUITY
#EXTINF:10,
003.ts
#EXTINF:11,
004.ts
#EXT-X-DISCONTINUITY
#EXTINF:10,
005.ts
#EXTINF:10,
006.ts
#EXTINF:10,
007.ts
#EXT-X-DISCONTINUITY
#EXTINF:10,
008.ts
#EXTINF:16,
009.ts
#EXT-X-ENDLIST
