#EXTM3U
#EXT-X-MEDIA-SEQUENCE:0
#EXT-X-ALLOW-CACHE:YES
#EXT-X-TARGETDURATION:10
#EXTINF:10,
001.ts
#EXTINF:19,
002.ts
#EXTINF:10,
003.ts
#EXTINF:11,
004.ts
#EXTINF:10,
005.ts
#EXTINF:10,
006.ts
#EXTINF:10,
007.ts
#EXTINF:10,
008.ts
#EXTINF:16,
009.ts
